>>> Target is a block device: /dev/sdb
>>> Building media: Tacklebox-Multi-Boot-Media (30G)
>>> Output directory: /var/mnt/data/tacklebox-usb-build-final
>>> Wiping disk: /dev/sdb
+ sgdisk --zap-all /dev/sdb
Warning: The kernel is still using the old partition table.
The new table will be used at the next reboot or after you
run partprobe(8) or kpartx(8)
GPT data structures destroyed! You may now partition the disk using fdisk or
other utilities.
>>> Creating partition 1: TBOX_ESP (1G)
+ sgdisk --new=1:0:1G --change-name=1:TBOX_ESP --typecode=1:ef00 /dev/sdb
Creating new GPT entries in memory.
Warning: The kernel is still using the old partition table.
The new table will be used at the next reboot or after you
run partprobe(8) or kpartx(8)
The operation has completed successfully.
>>> Creating partition 2: TBOX_STORE (20G)
+ sgdisk --new=2:0:20G --change-name=2:TBOX_STORE --typecode=2:8300 /dev/sdb
Warning: The kernel is still using the old partition table.
The new table will be used at the next reboot or after you
run partprobe(8) or kpartx(8)
The operation has completed successfully.
>>> Creating partition 3: TBOX_PERSIST (0)
+ sgdisk --new=3:0:0 --change-name=3:TBOX_PERSIST --typecode=3:8300 /dev/sdb
Warning: The kernel is still using the old partition table.
The new table will be used at the next reboot or after you
run partprobe(8) or kpartx(8)
The operation has completed successfully.
+ udevadm settle
+ partprobe /dev/sdb
+ udevadm settle
>>> Formatting /dev/sdb1 as vfat
+ mkfs.vfat -I -n TBOX_ESP /dev/sdb1
mkfs.vfat: /dev/sdb1 contains a mounted filesystem.
mkfs.fat 4.2 (2021-01-31)
Error: failed to format /dev/sdb1: mkfs.vfat -I -n TBOX_ESP /dev/sdb1: exit status 1
Usage:
  tacklebox build [recipe.json] [target] [flags]

Flags:
  -h, --help   help for build
      --xz     Compress the final image with xz

Global Flags:
  -b, --output-base string   Base directory for build artifacts (default "/var/mnt/data/tacklebox-build")

failed to format /dev/sdb1: mkfs.vfat -I -n TBOX_ESP /dev/sdb1: exit status 1
